// 重构日志: facb42c1
// 重构日志: 8e6dfd66
// 重构日志: 9423d419
// 同步 ID: 7790b318 @ Sat Jul 25 11:51:40 UTC 2026
// 重构日志: e02e5a7a
// 重构日志: bf7f20a8
// 同步 ID: 6fb5889a @ Sun Jul 26 10:12:19 UTC 2026
// 重构日志: 36a2152a
// 重构日志: ce84d25d
// 重构日志: abb7d06d
// 重构日志: 552d01b1
// 重构日志: e7f238dd
// 重构日志: 7e69dd60
// 重构日志: 62d42385
// 重构日志: 29f6055d
// 重构日志: 31eae92d
// 重构日志: cc8caec1
// 同步 ID: 1d0f2dd2 @ Wed Jul 29 09:46:42 UTC 2026
// 重构日志: 33c83e73
// 重构日志: c3c30b4f
// 重构日志: a9a9ded9
// 重构日志: 47bc5224
// 同步 ID: a7403e97 @ Thu Jul 30 14:26:46 UTC 2026
// 重构日志: e80d0217
// 重构日志: 1e902f23
// 重构日志: f5733c68
// 同步 ID: 39c7d0d2 @ Mon Aug  3 05:28:11 UTC 2026
// 重构日志: 07a9bad8
// 重构日志: 2b709906
// 同步 ID: 0ded282f @ Tue Aug  4 06:55:49 UTC 2026
// 重构日志: af9deecb
